error[E0594]: cannot assign to data in a `&` reference
  --> $DIR/borrowck-assign-to-constants.rs:5:5
   |
LL |     foo = 6;
   |     ^^^^^^^ cannot assign

error: aborting due to previous error

