error[E0133]: dereference of raw pointer is unsafe and requires unsafe function or block
  --> $DIR/safe-extern-statics.rs:13:13
   |
LL |     let a = A;
   |             ^ dereference of raw pointer
   |
   = note: raw pointers may be NULL, dangling or unaligned; they can violate aliasing rules and cause data races: all of these are undefined behavior

error[E0133]: dereference of raw pointer is unsafe and requires unsafe function or block
  --> $DIR/safe-extern-statics.rs:15:14
   |
LL |     let ra = &A;
   |              ^^ dereference of raw pointer
   |
   = note: raw pointers may be NULL, dangling or unaligned; they can violate aliasing rules and cause data races: all of these are undefined behavior

error[E0133]: dereference of raw pointer is unsafe and requires unsafe function or block
  --> $DIR/safe-extern-statics.rs:17:14
   |
LL |     let xa = XA;
   |              ^^ dereference of raw pointer
   |
   = note: raw pointers may be NULL, dangling or unaligned; they can violate aliasing rules and cause data races: all of these are undefined behavior

error[E0133]: dereference of raw pointer is unsafe and requires unsafe function or block
  --> $DIR/safe-extern-statics.rs:19:15
   |
LL |     let xra = &XA;
   |               ^^^ dereference of raw pointer
   |
   = note: raw pointers may be NULL, dangling or unaligned; they can violate aliasing rules and cause data races: all of these are undefined behavior

error: aborting due to 4 previous errors

For more information about this error, try `rustc --explain E0133`.
