error[E0594]: cannot assign to data in a `&` reference
  --> $DIR/thread-local-mutation.rs:11:5
   |
LL |     S = "after";
   |     ^^^^^^^^^^^ cannot assign

error: aborting due to previous error

